The system is: Windows - 10.0.19043 - AMD64
Compiling the C compiler identification source file "CMakeCCompilerId.c" succeeded.
Compiler: C:/Program Files (x86)/Microsoft Visual Studio/2019/Community/VC/Tools/MSVC/14.28.29333/bin/Hostx64/x64/cl.exe 
Build flags: 
Id flags: -c 

The output was:
0
Compilador de optimización de C/C++ de Microsoft (R) versión 19.28.29335 para x64
(C) Microsoft Corporation. Todos los derechos reservados.

CMakeCCompilerId.c


Compilation of the C compiler identification source "CMakeCCompilerId.c" produced "CMakeCCompilerId.obj"

The C compiler identification is MSVC, found in "E:/DescarrEgues/TJE2D-master/TJE2D-master/out/build/x64-Debug (predeterminado)/CMakeFiles/3.18.20081302-MSVC_2/CompilerIdC/CMakeCCompilerId.obj"

Compiling the CXX compiler identification source file "CMakeCXXCompilerId.cpp" succeeded.
Compiler: C:/Program Files (x86)/Microsoft Visual Studio/2019/Community/VC/Tools/MSVC/14.28.29333/bin/Hostx64/x64/cl.exe 
Build flags: 
Id flags: -c 

The output was:
0
Compilador de optimización de C/C++ de Microsoft (R) versión 19.28.29335 para x64
(C) Microsoft Corporation. Todos los derechos reservados.

CMakeCXXCompilerId.cpp


Compilation of the CXX compiler identification source "CMakeCXXCompilerId.cpp" produced "CMakeCXXCompilerId.obj"

The CXX compiler identification is MSVC, found in "E:/DescarrEgues/TJE2D-master/TJE2D-master/out/build/x64-Debug (predeterminado)/CMakeFiles/3.18.20081302-MSVC_2/CompilerIdCXX/CMakeCXXCompilerId.obj"

Compiling the C compiler identification source file "CMakeCCompilerId.c" succeeded.
Compiler: C:/Program Files (x86)/Microsoft Visual Studio/2019/Community/VC/Tools/MSVC/14.28.29333/bin/Hostx64/x64/cl.exe 
Build flags: /DWIN32;/D_WINDOWS;/W3
Id flags: -c 

The output was:
0
Compilador de optimización de C/C++ de Microsoft (R) versión 19.28.29335 para x64
(C) Microsoft Corporation. Todos los derechos reservados.

CMakeCCompilerId.c


Compilation of the C compiler identification source "CMakeCCompilerId.c" produced "CMakeCCompilerId.obj"

The C compiler identification is MSVC, found in "E:/DescarrEgues/TJE2D-master/TJE2D-master/out/build/x64-Debug (predeterminado)/CMakeFiles/3.18.20081302-MSVC_2/CompilerIdC/CMakeCCompilerId.obj"

Compiling the CXX compiler identification source file "CMakeCXXCompilerId.cpp" succeeded.
Compiler: C:/Program Files (x86)/Microsoft Visual Studio/2019/Community/VC/Tools/MSVC/14.28.29333/bin/Hostx64/x64/cl.exe 
Build flags: 
Id flags: -c 

The output was:
0
Compilador de optimización de C/C++ de Microsoft (R) versión 19.28.29335 para x64
(C) Microsoft Corporation. Todos los derechos reservados.

CMakeCXXCompilerId.cpp


Compilation of the CXX compiler identification source "CMakeCXXCompilerId.cpp" produced "CMakeCXXCompilerId.obj"

The CXX compiler identification is MSVC, found in "E:/DescarrEgues/TJE2D-master/TJE2D-master/out/build/x64-Debug (predeterminado)/CMakeFiles/3.18.20081302-MSVC_2/CompilerIdCXX/CMakeCXXCompilerId.obj"

Compiling the C compiler identification source file "CMakeCCompilerId.c" succeeded.
Compiler: C:/Program Files (x86)/Microsoft Visual Studio/2019/Community/VC/Tools/MSVC/14.28.29333/bin/Hostx64/x64/cl.exe 
Build flags: /DWIN32;/D_WINDOWS;/W3
Id flags: -c 

The output was:
0
Compilador de optimización de C/C++ de Microsoft (R) versión 19.28.29335 para x64
(C) Microsoft Corporation. Todos los derechos reservados.

CMakeCCompilerId.c


Compilation of the C compiler identification source "CMakeCCompilerId.c" produced "CMakeCCompilerId.obj"

The C compiler identification is MSVC, found in "E:/DescarrEgues/TJE2D-master/TJE2D-master/out/build/x64-Debug (predeterminado)/CMakeFiles/3.18.20081302-MSVC_2/CompilerIdC/CMakeCCompilerId.obj"

Compiling the CXX compiler identification source file "CMakeCXXCompilerId.cpp" succeeded.
Compiler: C:/Program Files (x86)/Microsoft Visual Studio/2019/Community/VC/Tools/MSVC/14.28.29333/bin/Hostx64/x64/cl.exe 
Build flags: 
Id flags: -c 

The output was:
0
Compilador de optimización de C/C++ de Microsoft (R) versión 19.28.29335 para x64
(C) Microsoft Corporation. Todos los derechos reservados.

CMakeCXXCompilerId.cpp


Compilation of the CXX compiler identification source "CMakeCXXCompilerId.cpp" produced "CMakeCXXCompilerId.obj"

The CXX compiler identification is MSVC, found in "E:/DescarrEgues/TJE2D-master/TJE2D-master/out/build/x64-Debug (predeterminado)/CMakeFiles/3.18.20081302-MSVC_2/CompilerIdCXX/CMakeCXXCompilerId.obj"

Compiling the C compiler identification source file "CMakeCCompilerId.c" succeeded.
Compiler: C:/Program Files (x86)/Microsoft Visual Studio/2019/Community/VC/Tools/MSVC/14.28.29333/bin/Hostx64/x64/cl.exe 
Build flags: /DWIN32;/D_WINDOWS;/W3
Id flags: -c 

The output was:
0
Compilador de optimización de C/C++ de Microsoft (R) versión 19.28.29335 para x64
(C) Microsoft Corporation. Todos los derechos reservados.

CMakeCCompilerId.c


Compilation of the C compiler identification source "CMakeCCompilerId.c" produced "CMakeCCompilerId.obj"

The C compiler identification is MSVC, found in "E:/DescarrEgues/TJE2D-master/TJE2D-master/out/build/x64-Debug (predeterminado)/CMakeFiles/3.18.20081302-MSVC_2/CompilerIdC/CMakeCCompilerId.obj"

Compiling the CXX compiler identification source file "CMakeCXXCompilerId.cpp" succeeded.
Compiler: C:/Program Files (x86)/Microsoft Visual Studio/2019/Community/VC/Tools/MSVC/14.28.29333/bin/Hostx64/x64/cl.exe 
Build flags: 
Id flags: -c 

The output was:
0
Compilador de optimización de C/C++ de Microsoft (R) versión 19.28.29335 para x64
(C) Microsoft Corporation. Todos los derechos reservados.

CMakeCXXCompilerId.cpp


Compilation of the CXX compiler identification source "CMakeCXXCompilerId.cpp" produced "CMakeCXXCompilerId.obj"

The CXX compiler identification is MSVC, found in "E:/DescarrEgues/TJE2D-master/TJE2D-master/out/build/x64-Debug (predeterminado)/CMakeFiles/3.18.20081302-MSVC_2/CompilerIdCXX/CMakeCXXCompilerId.obj"

Compiling the C compiler identification source file "CMakeCCompilerId.c" succeeded.
Compiler: C:/Program Files (x86)/Microsoft Visual Studio/2019/Community/VC/Tools/MSVC/14.28.29333/bin/Hostx64/x64/cl.exe 
Build flags: /DWIN32;/D_WINDOWS;/W3
Id flags: -c 

The output was:
0
Compilador de optimización de C/C++ de Microsoft (R) versión 19.28.29335 para x64
(C) Microsoft Corporation. Todos los derechos reservados.

CMakeCCompilerId.c


Compilation of the C compiler identification source "CMakeCCompilerId.c" produced "CMakeCCompilerId.obj"

The C compiler identification is MSVC, found in "E:/DescarrEgues/TJE2D-master/TJE2D-master/out/build/x64-Debug (predeterminado)/CMakeFiles/3.18.20081302-MSVC_2/CompilerIdC/CMakeCCompilerId.obj"

Compiling the CXX compiler identification source file "CMakeCXXCompilerId.cpp" succeeded.
Compiler: C:/Program Files (x86)/Microsoft Visual Studio/2019/Community/VC/Tools/MSVC/14.28.29333/bin/Hostx64/x64/cl.exe 
Build flags: 
Id flags: -c 

The output was:
0
Compilador de optimización de C/C++ de Microsoft (R) versión 19.28.29335 para x64
(C) Microsoft Corporation. Todos los derechos reservados.

CMakeCXXCompilerId.cpp


Compilation of the CXX compiler identification source "CMakeCXXCompilerId.cpp" produced "CMakeCXXCompilerId.obj"

The CXX compiler identification is MSVC, found in "E:/DescarrEgues/TJE2D-master/TJE2D-master/out/build/x64-Debug (predeterminado)/CMakeFiles/3.18.20081302-MSVC_2/CompilerIdCXX/CMakeCXXCompilerId.obj"

Compiling the C compiler identification source file "CMakeCCompilerId.c" succeeded.
Compiler: C:/Program Files (x86)/Microsoft Visual Studio/2019/Community/VC/Tools/MSVC/14.28.29333/bin/Hostx64/x64/cl.exe 
Build flags: /DWIN32;/D_WINDOWS;/W3
Id flags: -c 

The output was:
0
Compilador de optimización de C/C++ de Microsoft (R) versión 19.28.29335 para x64
(C) Microsoft Corporation. Todos los derechos reservados.

CMakeCCompilerId.c


Compilation of the C compiler identification source "CMakeCCompilerId.c" produced "CMakeCCompilerId.obj"

The C compiler identification is MSVC, found in "E:/DescarrEgues/TJE2D-master/TJE2D-master/out/build/x64-Debug (predeterminado)/CMakeFiles/3.18.20081302-MSVC_2/CompilerIdC/CMakeCCompilerId.obj"

Compiling the CXX compiler identification source file "CMakeCXXCompilerId.cpp" succeeded.
Compiler: C:/Program Files (x86)/Microsoft Visual Studio/2019/Community/VC/Tools/MSVC/14.28.29333/bin/Hostx64/x64/cl.exe 
Build flags: 
Id flags: -c 

The output was:
0
Compilador de optimización de C/C++ de Microsoft (R) versión 19.28.29335 para x64
(C) Microsoft Corporation. Todos los derechos reservados.

CMakeCXXCompilerId.cpp


Compilation of the CXX compiler identification source "CMakeCXXCompilerId.cpp" produced "CMakeCXXCompilerId.obj"

The CXX compiler identification is MSVC, found in "E:/DescarrEgues/TJE2D-master/TJE2D-master/out/build/x64-Debug (predeterminado)/CMakeFiles/3.18.20081302-MSVC_2/CompilerIdCXX/CMakeCXXCompilerId.obj"

Compiling the C compiler identification source file "CMakeCCompilerId.c" succeeded.
Compiler: C:/Program Files (x86)/Microsoft Visual Studio/2019/Community/VC/Tools/MSVC/14.28.29333/bin/Hostx64/x64/cl.exe 
Build flags: /DWIN32;/D_WINDOWS;/W3
Id flags: -c 

The output was:
0
Compilador de optimización de C/C++ de Microsoft (R) versión 19.28.29335 para x64
(C) Microsoft Corporation. Todos los derechos reservados.

CMakeCCompilerId.c


Compilation of the C compiler identification source "CMakeCCompilerId.c" produced "CMakeCCompilerId.obj"

The C compiler identification is MSVC, found in "E:/DescarrEgues/TJE2D-master/TJE2D-master/out/build/x64-Debug (predeterminado)/CMakeFiles/3.18.20081302-MSVC_2/CompilerIdC/CMakeCCompilerId.obj"

Compiling the CXX compiler identification source file "CMakeCXXCompilerId.cpp" succeeded.
Compiler: C:/Program Files (x86)/Microsoft Visual Studio/2019/Community/VC/Tools/MSVC/14.28.29333/bin/Hostx64/x64/cl.exe 
Build flags: 
Id flags: -c 

The output was:
0
Compilador de optimización de C/C++ de Microsoft (R) versión 19.28.29335 para x64
(C) Microsoft Corporation. Todos los derechos reservados.

CMakeCXXCompilerId.cpp


Compilation of the CXX compiler identification source "CMakeCXXCompilerId.cpp" produced "CMakeCXXCompilerId.obj"

The CXX compiler identification is MSVC, found in "E:/DescarrEgues/TJE2D-master/TJE2D-master/out/build/x64-Debug (predeterminado)/CMakeFiles/3.18.20081302-MSVC_2/CompilerIdCXX/CMakeCXXCompilerId.obj"

Compiling the C compiler identification source file "CMakeCCompilerId.c" succeeded.
Compiler: C:/Program Files (x86)/Microsoft Visual Studio/2019/Community/VC/Tools/MSVC/14.28.29333/bin/Hostx64/x64/cl.exe 
Build flags: /DWIN32;/D_WINDOWS;/W3
Id flags: -c 

The output was:
0
Compilador de optimización de C/C++ de Microsoft (R) versión 19.28.29335 para x64
(C) Microsoft Corporation. Todos los derechos reservados.

CMakeCCompilerId.c


Compilation of the C compiler identification source "CMakeCCompilerId.c" produced "CMakeCCompilerId.obj"

The C compiler identification is MSVC, found in "E:/DescarrEgues/TJE2D-master/TJE2D-master/out/build/x64-Debug (predeterminado)/CMakeFiles/3.18.20081302-MSVC_2/CompilerIdC/CMakeCCompilerId.obj"

Compiling the CXX compiler identification source file "CMakeCXXCompilerId.cpp" succeeded.
Compiler: C:/Program Files (x86)/Microsoft Visual Studio/2019/Community/VC/Tools/MSVC/14.28.29333/bin/Hostx64/x64/cl.exe 
Build flags: 
Id flags: -c 

The output was:
0
Compilador de optimización de C/C++ de Microsoft (R) versión 19.28.29335 para x64
(C) Microsoft Corporation. Todos los derechos reservados.

CMakeCXXCompilerId.cpp


Compilation of the CXX compiler identification source "CMakeCXXCompilerId.cpp" produced "CMakeCXXCompilerId.obj"

The CXX compiler identification is MSVC, found in "E:/DescarrEgues/TJE2D-master/TJE2D-master/out/build/x64-Debug (predeterminado)/CMakeFiles/3.18.20081302-MSVC_2/CompilerIdCXX/CMakeCXXCompilerId.obj"

Compiling the C compiler identification source file "CMakeCCompilerId.c" succeeded.
Compiler: C:/Program Files (x86)/Microsoft Visual Studio/2019/Community/VC/Tools/MSVC/14.28.29333/bin/Hostx64/x64/cl.exe 
Build flags: /DWIN32;/D_WINDOWS;/W3
Id flags: -c 

The output was:
0
Compilador de optimización de C/C++ de Microsoft (R) versión 19.28.29335 para x64
(C) Microsoft Corporation. Todos los derechos reservados.

CMakeCCompilerId.c


Compilation of the C compiler identification source "CMakeCCompilerId.c" produced "CMakeCCompilerId.obj"

The C compiler identification is MSVC, found in "E:/DescarrEgues/TJE2D-master/TJE2D-master/out/build/x64-Debug (predeterminado)/CMakeFiles/3.18.20081302-MSVC_2/CompilerIdC/CMakeCCompilerId.obj"

Compiling the CXX compiler identification source file "CMakeCXXCompilerId.cpp" succeeded.
Compiler: C:/Program Files (x86)/Microsoft Visual Studio/2019/Community/VC/Tools/MSVC/14.28.29333/bin/Hostx64/x64/cl.exe 
Build flags: 
Id flags: -c 

The output was:
0
Compilador de optimización de C/C++ de Microsoft (R) versión 19.28.29335 para x64
(C) Microsoft Corporation. Todos los derechos reservados.

CMakeCXXCompilerId.cpp


Compilation of the CXX compiler identification source "CMakeCXXCompilerId.cpp" produced "CMakeCXXCompilerId.obj"

The CXX compiler identification is MSVC, found in "E:/DescarrEgues/TJE2D-master/TJE2D-master/out/build/x64-Debug (predeterminado)/CMakeFiles/3.18.20081302-MSVC_2/CompilerIdCXX/CMakeCXXCompilerId.obj"

Compiling the C compiler identification source file "CMakeCCompilerId.c" succeeded.
Compiler: C:/Program Files (x86)/Microsoft Visual Studio/2019/Community/VC/Tools/MSVC/14.28.29333/bin/Hostx64/x64/cl.exe 
Build flags: /DWIN32;/D_WINDOWS;/W3
Id flags: -c 

The output was:
0
Compilador de optimización de C/C++ de Microsoft (R) versión 19.28.29335 para x64
(C) Microsoft Corporation. Todos los derechos reservados.

CMakeCCompilerId.c


Compilation of the C compiler identification source "CMakeCCompilerId.c" produced "CMakeCCompilerId.obj"

The C compiler identification is MSVC, found in "E:/DescarrEgues/TJE2D-master/TJE2D-master/out/build/x64-Debug (predeterminado)/CMakeFiles/3.18.20081302-MSVC_2/CompilerIdC/CMakeCCompilerId.obj"

Compiling the CXX compiler identification source file "CMakeCXXCompilerId.cpp" succeeded.
Compiler: C:/Program Files (x86)/Microsoft Visual Studio/2019/Community/VC/Tools/MSVC/14.28.29333/bin/Hostx64/x64/cl.exe 
Build flags: 
Id flags: -c 

The output was:
0
Compilador de optimización de C/C++ de Microsoft (R) versión 19.28.29335 para x64
(C) Microsoft Corporation. Todos los derechos reservados.

CMakeCXXCompilerId.cpp


Compilation of the CXX compiler identification source "CMakeCXXCompilerId.cpp" produced "CMakeCXXCompilerId.obj"

The CXX compiler identification is MSVC, found in "E:/DescarrEgues/TJE2D-master/TJE2D-master/out/build/x64-Debug (predeterminado)/CMakeFiles/3.18.20081302-MSVC_2/CompilerIdCXX/CMakeCXXCompilerId.obj"

Compiling the C compiler identification source file "CMakeCCompilerId.c" succeeded.
Compiler: C:/Program Files (x86)/Microsoft Visual Studio/2019/Community/VC/Tools/MSVC/14.28.29333/bin/Hostx64/x64/cl.exe 
Build flags: /DWIN32;/D_WINDOWS;/W3
Id flags: -c 

The output was:
0
Compilador de optimización de C/C++ de Microsoft (R) versión 19.28.29335 para x64
(C) Microsoft Corporation. Todos los derechos reservados.

CMakeCCompilerId.c


Compilation of the C compiler identification source "CMakeCCompilerId.c" produced "CMakeCCompilerId.obj"

The C compiler identification is MSVC, found in "E:/DescarrEgues/TJE2D-master/TJE2D-master/out/build/x64-Debug (predeterminado)/CMakeFiles/3.18.20081302-MSVC_2/CompilerIdC/CMakeCCompilerId.obj"

Compiling the CXX compiler identification source file "CMakeCXXCompilerId.cpp" succeeded.
Compiler: C:/Program Files (x86)/Microsoft Visual Studio/2019/Community/VC/Tools/MSVC/14.28.29333/bin/Hostx64/x64/cl.exe 
Build flags: 
Id flags: -c 

The output was:
0
Compilador de optimización de C/C++ de Microsoft (R) versión 19.28.29335 para x64
(C) Microsoft Corporation. Todos los derechos reservados.

CMakeCXXCompilerId.cpp


Compilation of the CXX compiler identification source "CMakeCXXCompilerId.cpp" produced "CMakeCXXCompilerId.obj"

The CXX compiler identification is MSVC, found in "E:/DescarrEgues/TJE2D-master/TJE2D-master/out/build/x64-Debug (predeterminado)/CMakeFiles/3.18.20081302-MSVC_2/CompilerIdCXX/CMakeCXXCompilerId.obj"

Compiling the C compiler identification source file "CMakeCCompilerId.c" succeeded.
Compiler: C:/Program Files (x86)/Microsoft Visual Studio/2019/Community/VC/Tools/MSVC/14.28.29333/bin/Hostx64/x64/cl.exe 
Build flags: /DWIN32;/D_WINDOWS;/W3
Id flags: -c 

The output was:
0
Compilador de optimización de C/C++ de Microsoft (R) versión 19.28.29335 para x64
(C) Microsoft Corporation. Todos los derechos reservados.

CMakeCCompilerId.c


Compilation of the C compiler identification source "CMakeCCompilerId.c" produced "CMakeCCompilerId.obj"

The C compiler identification is MSVC, found in "E:/DescarrEgues/TJE2D-master/TJE2D-master/out/build/x64-Debug (predeterminado)/CMakeFiles/3.18.20081302-MSVC_2/CompilerIdC/CMakeCCompilerId.obj"

Compiling the CXX compiler identification source file "CMakeCXXCompilerId.cpp" succeeded.
Compiler: C:/Program Files (x86)/Microsoft Visual Studio/2019/Community/VC/Tools/MSVC/14.28.29333/bin/Hostx64/x64/cl.exe 
Build flags: 
Id flags: -c 

The output was:
0
Compilador de optimización de C/C++ de Microsoft (R) versión 19.28.29335 para x64
(C) Microsoft Corporation. Todos los derechos reservados.

CMakeCXXCompilerId.cpp


Compilation of the CXX compiler identification source "CMakeCXXCompilerId.cpp" produced "CMakeCXXCompilerId.obj"

The CXX compiler identification is MSVC, found in "E:/DescarrEgues/TJE2D-master/TJE2D-master/out/build/x64-Debug (predeterminado)/CMakeFiles/3.18.20081302-MSVC_2/CompilerIdCXX/CMakeCXXCompilerId.obj"

Compiling the C compiler identification source file "CMakeCCompilerId.c" succeeded.
Compiler: C:/Program Files (x86)/Microsoft Visual Studio/2019/Community/VC/Tools/MSVC/14.28.29333/bin/Hostx64/x64/cl.exe 
Build flags: /DWIN32;/D_WINDOWS;/W3
Id flags: -c 

The output was:
0
Compilador de optimización de C/C++ de Microsoft (R) versión 19.28.29335 para x64
(C) Microsoft Corporation. Todos los derechos reservados.

CMakeCCompilerId.c


Compilation of the C compiler identification source "CMakeCCompilerId.c" produced "CMakeCCompilerId.obj"

The C compiler identification is MSVC, found in "E:/DescarrEgues/TJE2D-master/TJE2D-master/out/build/x64-Debug (predeterminado)/CMakeFiles/3.18.20081302-MSVC_2/CompilerIdC/CMakeCCompilerId.obj"

Compiling the CXX compiler identification source file "CMakeCXXCompilerId.cpp" succeeded.
Compiler: C:/Program Files (x86)/Microsoft Visual Studio/2019/Community/VC/Tools/MSVC/14.28.29333/bin/Hostx64/x64/cl.exe 
Build flags: 
Id flags: -c 

The output was:
0
Compilador de optimización de C/C++ de Microsoft (R) versión 19.28.29335 para x64
(C) Microsoft Corporation. Todos los derechos reservados.

CMakeCXXCompilerId.cpp


Compilation of the CXX compiler identification source "CMakeCXXCompilerId.cpp" produced "CMakeCXXCompilerId.obj"

The CXX compiler identification is MSVC, found in "E:/DescarrEgues/TJE2D-master/TJE2D-master/out/build/x64-Debug (predeterminado)/CMakeFiles/3.18.20081302-MSVC_2/CompilerIdCXX/CMakeCXXCompilerId.obj"

Compiling the C compiler identification source file "CMakeCCompilerId.c" succeeded.
Compiler: C:/Program Files (x86)/Microsoft Visual Studio/2019/Community/VC/Tools/MSVC/14.28.29333/bin/Hostx64/x64/cl.exe 
Build flags: /DWIN32;/D_WINDOWS;/W3
Id flags: -c 

The output was:
0
Compilador de optimización de C/C++ de Microsoft (R) versión 19.28.29335 para x64
(C) Microsoft Corporation. Todos los derechos reservados.

CMakeCCompilerId.c


Compilation of the C compiler identification source "CMakeCCompilerId.c" produced "CMakeCCompilerId.obj"

The C compiler identification is MSVC, found in "E:/DescarrEgues/TJE2D-master/TJE2D-master/out/build/x64-Debug (predeterminado)/CMakeFiles/3.18.20081302-MSVC_2/CompilerIdC/CMakeCCompilerId.obj"

Compiling the CXX compiler identification source file "CMakeCXXCompilerId.cpp" succeeded.
Compiler: C:/Program Files (x86)/Microsoft Visual Studio/2019/Community/VC/Tools/MSVC/14.28.29333/bin/Hostx64/x64/cl.exe 
Build flags: 
Id flags: -c 

The output was:
0
Compilador de optimización de C/C++ de Microsoft (R) versión 19.28.29335 para x64
(C) Microsoft Corporation. Todos los derechos reservados.

CMakeCXXCompilerId.cpp


Compilation of the CXX compiler identification source "CMakeCXXCompilerId.cpp" produced "CMakeCXXCompilerId.obj"

The CXX compiler identification is MSVC, found in "E:/DescarrEgues/TJE2D-master/TJE2D-master/out/build/x64-Debug (predeterminado)/CMakeFiles/3.18.20081302-MSVC_2/CompilerIdCXX/CMakeCXXCompilerId.obj"

Compiling the C compiler identification source file "CMakeCCompilerId.c" succeeded.
Compiler: C:/Program Files (x86)/Microsoft Visual Studio/2019/Community/VC/Tools/MSVC/14.28.29333/bin/Hostx64/x64/cl.exe 
Build flags: /DWIN32;/D_WINDOWS;/W3
Id flags: -c 

The output was:
0
Compilador de optimización de C/C++ de Microsoft (R) versión 19.28.29335 para x64
(C) Microsoft Corporation. Todos los derechos reservados.

CMakeCCompilerId.c


Compilation of the C compiler identification source "CMakeCCompilerId.c" produced "CMakeCCompilerId.obj"

The C compiler identification is MSVC, found in "E:/DescarrEgues/TJE2D-master/TJE2D-master/out/build/x64-Debug (predeterminado)/CMakeFiles/3.18.20081302-MSVC_2/CompilerIdC/CMakeCCompilerId.obj"

Compiling the CXX compiler identification source file "CMakeCXXCompilerId.cpp" succeeded.
Compiler: C:/Program Files (x86)/Microsoft Visual Studio/2019/Community/VC/Tools/MSVC/14.28.29333/bin/Hostx64/x64/cl.exe 
Build flags: 
Id flags: -c 

The output was:
0
Compilador de optimización de C/C++ de Microsoft (R) versión 19.28.29335 para x64
(C) Microsoft Corporation. Todos los derechos reservados.

CMakeCXXCompilerId.cpp


Compilation of the CXX compiler identification source "CMakeCXXCompilerId.cpp" produced "CMakeCXXCompilerId.obj"

The CXX compiler identification is MSVC, found in "E:/DescarrEgues/TJE2D-master/TJE2D-master/out/build/x64-Debug (predeterminado)/CMakeFiles/3.18.20081302-MSVC_2/CompilerIdCXX/CMakeCXXCompilerId.obj"

Compiling the C compiler identification source file "CMakeCCompilerId.c" succeeded.
Compiler: C:/Program Files (x86)/Microsoft Visual Studio/2019/Community/VC/Tools/MSVC/14.28.29333/bin/Hostx64/x64/cl.exe 
Build flags: /DWIN32;/D_WINDOWS;/W3
Id flags: -c 

The output was:
0
Compilador de optimización de C/C++ de Microsoft (R) versión 19.28.29335 para x64
(C) Microsoft Corporation. Todos los derechos reservados.

CMakeCCompilerId.c


Compilation of the C compiler identification source "CMakeCCompilerId.c" produced "CMakeCCompilerId.obj"

The C compiler identification is MSVC, found in "E:/DescarrEgues/TJE2D-master/TJE2D-master/out/build/x64-Debug (predeterminado)/CMakeFiles/3.18.20081302-MSVC_2/CompilerIdC/CMakeCCompilerId.obj"

Compiling the CXX compiler identification source file "CMakeCXXCompilerId.cpp" succeeded.
Compiler: C:/Program Files (x86)/Microsoft Visual Studio/2019/Community/VC/Tools/MSVC/14.28.29333/bin/Hostx64/x64/cl.exe 
Build flags: 
Id flags: -c 

The output was:
0
Compilador de optimización de C/C++ de Microsoft (R) versión 19.28.29335 para x64
(C) Microsoft Corporation. Todos los derechos reservados.

CMakeCXXCompilerId.cpp


Compilation of the CXX compiler identification source "CMakeCXXCompilerId.cpp" produced "CMakeCXXCompilerId.obj"

The CXX compiler identification is MSVC, found in "E:/DescarrEgues/TJE2D-master/TJE2D-master/out/build/x64-Debug (predeterminado)/CMakeFiles/3.18.20081302-MSVC_2/CompilerIdCXX/CMakeCXXCompilerId.obj"

Compiling the C compiler identification source file "CMakeCCompilerId.c" succeeded.
Compiler: C:/Program Files (x86)/Microsoft Visual Studio/2019/Community/VC/Tools/MSVC/14.28.29333/bin/Hostx64/x64/cl.exe 
Build flags: /DWIN32;/D_WINDOWS;/W3
Id flags: -c 

The output was:
0
Compilador de optimización de C/C++ de Microsoft (R) versión 19.28.29335 para x64
(C) Microsoft Corporation. Todos los derechos reservados.

CMakeCCompilerId.c


Compilation of the C compiler identification source "CMakeCCompilerId.c" produced "CMakeCCompilerId.obj"

The C compiler identification is MSVC, found in "E:/DescarrEgues/TJE2D-master/TJE2D-master/out/build/x64-Debug (predeterminado)/CMakeFiles/3.18.20081302-MSVC_2/CompilerIdC/CMakeCCompilerId.obj"

Compiling the CXX compiler identification source file "CMakeCXXCompilerId.cpp" succeeded.
Compiler: C:/Program Files (x86)/Microsoft Visual Studio/2019/Community/VC/Tools/MSVC/14.28.29333/bin/Hostx64/x64/cl.exe 
Build flags: 
Id flags: -c 

The output was:
0
Compilador de optimización de C/C++ de Microsoft (R) versión 19.28.29335 para x64
(C) Microsoft Corporation. Todos los derechos reservados.

CMakeCXXCompilerId.cpp


Compilation of the CXX compiler identification source "CMakeCXXCompilerId.cpp" produced "CMakeCXXCompilerId.obj"

The CXX compiler identification is MSVC, found in "E:/DescarrEgues/TJE2D-master/TJE2D-master/out/build/x64-Debug (predeterminado)/CMakeFiles/3.18.20081302-MSVC_2/CompilerIdCXX/CMakeCXXCompilerId.obj"

Compiling the C compiler identification source file "CMakeCCompilerId.c" succeeded.
Compiler: C:/Program Files (x86)/Microsoft Visual Studio/2019/Community/VC/Tools/MSVC/14.28.29333/bin/Hostx64/x64/cl.exe 
Build flags: /DWIN32;/D_WINDOWS;/W3
Id flags: -c 

The output was:
0
Compilador de optimización de C/C++ de Microsoft (R) versión 19.28.29335 para x64
(C) Microsoft Corporation. Todos los derechos reservados.

CMakeCCompilerId.c


Compilation of the C compiler identification source "CMakeCCompilerId.c" produced "CMakeCCompilerId.obj"

The C compiler identification is MSVC, found in "E:/DescarrEgues/TJE2D-master/TJE2D-master/out/build/x64-Debug (predeterminado)/CMakeFiles/3.18.20081302-MSVC_2/CompilerIdC/CMakeCCompilerId.obj"

Compiling the CXX compiler identification source file "CMakeCXXCompilerId.cpp" succeeded.
Compiler: C:/Program Files (x86)/Microsoft Visual Studio/2019/Community/VC/Tools/MSVC/14.28.29333/bin/Hostx64/x64/cl.exe 
Build flags: 
Id flags: -c 

The output was:
0
Compilador de optimización de C/C++ de Microsoft (R) versión 19.28.29335 para x64
(C) Microsoft Corporation. Todos los derechos reservados.

CMakeCXXCompilerId.cpp


Compilation of the CXX compiler identification source "CMakeCXXCompilerId.cpp" produced "CMakeCXXCompilerId.obj"

The CXX compiler identification is MSVC, found in "E:/DescarrEgues/TJE2D-master/TJE2D-master/out/build/x64-Debug (predeterminado)/CMakeFiles/3.18.20081302-MSVC_2/CompilerIdCXX/CMakeCXXCompilerId.obj"

Compiling the C compiler identification source file "CMakeCCompilerId.c" succeeded.
Compiler: C:/Program Files (x86)/Microsoft Visual Studio/2019/Community/VC/Tools/MSVC/14.28.29333/bin/Hostx64/x64/cl.exe 
Build flags: /DWIN32;/D_WINDOWS;/W3
Id flags: -c 

The output was:
0
Compilador de optimización de C/C++ de Microsoft (R) versión 19.28.29335 para x64
(C) Microsoft Corporation. Todos los derechos reservados.

CMakeCCompilerId.c


Compilation of the C compiler identification source "CMakeCCompilerId.c" produced "CMakeCCompilerId.obj"

The C compiler identification is MSVC, found in "E:/DescarrEgues/TJE2D-master/TJE2D-master/out/build/x64-Debug (predeterminado)/CMakeFiles/3.18.20081302-MSVC_2/CompilerIdC/CMakeCCompilerId.obj"

Compiling the CXX compiler identification source file "CMakeCXXCompilerId.cpp" succeeded.
Compiler: C:/Program Files (x86)/Microsoft Visual Studio/2019/Community/VC/Tools/MSVC/14.28.29333/bin/Hostx64/x64/cl.exe 
Build flags: 
Id flags: -c 

The output was:
0
Compilador de optimización de C/C++ de Microsoft (R) versión 19.28.29335 para x64
(C) Microsoft Corporation. Todos los derechos reservados.

CMakeCXXCompilerId.cpp


Compilation of the CXX compiler identification source "CMakeCXXCompilerId.cpp" produced "CMakeCXXCompilerId.obj"

The CXX compiler identification is MSVC, found in "E:/DescarrEgues/TJE2D-master/TJE2D-master/out/build/x64-Debug (predeterminado)/CMakeFiles/3.18.20081302-MSVC_2/CompilerIdCXX/CMakeCXXCompilerId.obj"

Compiling the C compiler identification source file "CMakeCCompilerId.c" succeeded.
Compiler: C:/Program Files (x86)/Microsoft Visual Studio/2019/Community/VC/Tools/MSVC/14.28.29333/bin/Hostx64/x64/cl.exe 
Build flags: /DWIN32;/D_WINDOWS;/W3
Id flags: -c 

The output was:
0
Compilador de optimización de C/C++ de Microsoft (R) versión 19.28.29335 para x64
(C) Microsoft Corporation. Todos los derechos reservados.

CMakeCCompilerId.c


Compilation of the C compiler identification source "CMakeCCompilerId.c" produced "CMakeCCompilerId.obj"

The C compiler identification is MSVC, found in "E:/DescarrEgues/TJE2D-master/TJE2D-master/out/build/x64-Debug (predeterminado)/CMakeFiles/3.18.20081302-MSVC_2/CompilerIdC/CMakeCCompilerId.obj"

Compiling the CXX compiler identification source file "CMakeCXXCompilerId.cpp" succeeded.
Compiler: C:/Program Files (x86)/Microsoft Visual Studio/2019/Community/VC/Tools/MSVC/14.28.29333/bin/Hostx64/x64/cl.exe 
Build flags: 
Id flags: -c 

The output was:
0
Compilador de optimización de C/C++ de Microsoft (R) versión 19.28.29335 para x64
(C) Microsoft Corporation. Todos los derechos reservados.

CMakeCXXCompilerId.cpp


Compilation of the CXX compiler identification source "CMakeCXXCompilerId.cpp" produced "CMakeCXXCompilerId.obj"

The CXX compiler identification is MSVC, found in "E:/DescarrEgues/TJE2D-master/TJE2D-master/out/build/x64-Debug (predeterminado)/CMakeFiles/3.18.20081302-MSVC_2/CompilerIdCXX/CMakeCXXCompilerId.obj"

Compiling the C compiler identification source file "CMakeCCompilerId.c" succeeded.
Compiler: C:/Program Files (x86)/Microsoft Visual Studio/2019/Community/VC/Tools/MSVC/14.28.29333/bin/Hostx64/x64/cl.exe 
Build flags: /DWIN32;/D_WINDOWS;/W3
Id flags: -c 

The output was:
0
Compilador de optimización de C/C++ de Microsoft (R) versión 19.28.29335 para x64
(C) Microsoft Corporation. Todos los derechos reservados.

CMakeCCompilerId.c


Compilation of the C compiler identification source "CMakeCCompilerId.c" produced "CMakeCCompilerId.obj"

The C compiler identification is MSVC, found in "E:/DescarrEgues/TJE2D-master/TJE2D-master/out/build/x64-Debug (predeterminado)/CMakeFiles/3.18.20081302-MSVC_2/CompilerIdC/CMakeCCompilerId.obj"

Compiling the CXX compiler identification source file "CMakeCXXCompilerId.cpp" succeeded.
Compiler: C:/Program Files (x86)/Microsoft Visual Studio/2019/Community/VC/Tools/MSVC/14.28.29333/bin/Hostx64/x64/cl.exe 
Build flags: 
Id flags: -c 

The output was:
0
Compilador de optimización de C/C++ de Microsoft (R) versión 19.28.29335 para x64
(C) Microsoft Corporation. Todos los derechos reservados.

CMakeCXXCompilerId.cpp


Compilation of the CXX compiler identification source "CMakeCXXCompilerId.cpp" produced "CMakeCXXCompilerId.obj"

The CXX compiler identification is MSVC, found in "E:/DescarrEgues/TJE2D-master/TJE2D-master/out/build/x64-Debug (predeterminado)/CMakeFiles/3.18.20081302-MSVC_2/CompilerIdCXX/CMakeCXXCompilerId.obj"

